<!DOCTYPE html>
<html lang="en">
    <head>
        <title>Golden</title>
        <link href="./style.css">
    </head>
    <body>
<header>
    <a href="#">Golden</a>
    <nav>
        <ul>
            <li>
                <a href="#">Home</a>
            </li>
            <li>
                <a href="#">Services</a>
            </li>
            <li>
                <a href="#">Portfolio</a>
            </li>
            <li>
                <a href="#">About</a>
            </li>
            <li>
                <a href="#">Contact</a>
            </li>
        </ul>
    </nav>
</header>
<main>
    <section>
        <h2>Services</h2>
        <ul>
            <li>
                <img src="./Images/Combined shape 134.png">
                <h3>E-Commerce</h3>
                <p>Proin iaculis purus consequat sem cure digni ssim. Donec porttitora entum suscipit aenean rhoncus posuere odio in
                tincidunt.</p>
            </li>
            <li>
                <img src="./Images/Combined shape 132.png">
                <h3>Responsive Web</h3>
                <p>Proin iaculis purus consequat sem cure digni ssim. Donec porttitora entum suscipit aenean rhoncus posuere odio in
                    tincidunt.</p>
            </li>
            <li>
                <img src="./Images/Combined shape 130.png">
                <h3>Web Security</h3>
                <p>Proin iaculis purus consequat sem cure digni ssim. Donec porttitora entum suscipit aenean rhoncus posuere odio in
                    tincidunt.</p>
            </li>

        </ul>
    </section>
    
</main>
<footer>
   <h2>Contact us</h2> 
   <form>
    <input type="text" placeholder="Your name">
    <input type="email" placeholder="Your email">
    <input type="text" placeholder="Subject">
    <textarea placeholder="Your message"></textarea>
    <button type="submit">Send message</button>
    
   </form>
</footer>
    </body>
</html>